../Core/Src/main.c:79:5:main	8	static
../Core/Src/main.c:128:6:SystemClock_Config	88	static
../Core/Src/main.c:175:13:MX_I2C1_Init	8	static
../Core/Src/main.c:209:13:MX_I2C2_Init	8	static
../Core/Src/main.c:243:13:MX_SPI1_Init	8	static
../Core/Src/main.c:281:13:MX_SPI2_Init	8	static
../Core/Src/main.c:319:13:MX_UART4_Init	8	static
../Core/Src/main.c:352:13:MX_USB_OTG_FS_PCD_Init	8	static
../Core/Src/main.c:387:13:MX_GPIO_Init	24	static
../Core/Src/main.c:410:6:Error_Handler	4	static,ignoring_inline_asm
